// Jest Snapshot v1, https://goo.gl/fbAQLP

exports[`fromExn (throw "test") 1`] = `
Object {
  "TAG": 2,
  "_0": "test",
}
`;

exports[`fromExn (throw "test") 2`] = `
Array [
  "test",
]
`;

exports[`fromExn Invalid_argument 1`] = `
Array [
  Object {
    "Error": [Error],
    "RE_EXN_ID": "Invalid_argument",
    "_1": "test",
  },
]
`;

exports[`fromExn Js.Exn.raiseError + append 1`] = `
Array [
  "test",
  "annotaion",
]
`;

exports[`fromExn Js.Exn.raiseError + prepend 1`] = `
Array [
  "annotaion",
  "test",
]
`;

exports[`fromExn Js.Exn.raiseError 1`] = `
Array [
  "test",
]
`;

exports[`fromExnVerbose Js.Exn.raiseError 1`] = `
Array [
  [Error: test],
]
`;

exports[`fromText 1`] = `
Array [
  "test",
]
`;
