// Jest Snapshot v1, https://goo.gl/fbAQLP

exports[`Custom->forceExn 1`] = `[ReScript_Error: Native_test-Errors.Custom/2(_1: {"test":123})]`;

exports[`Custom->forceExn 2`] = `[ReScript_Error: Native_test-Errors.Custom/2(_1: {"test":123})]`;

exports[`Invalid_argument->forceExn 1`] = `[ReScript_Error: Invalid_argument(_1: "test")]`;

exports[`Invalid_argument->forceExn 2`] = `[ReScript_Error: Invalid_argument(_1: "test")]`;

exports[`Not_found->forceExn 1`] = `[ReScript_Error: Not_found]`;

exports[`Not_found->forceExn 2`] = `[ReScript_Error: Not_found]`;

exports[`assert->forceExn 1`] = `[ReScript_Error: Assert_failure(_1: ["Native_test.res",7,4])]`;

exports[`forceExn + stack (not raised) 1`] = `"ReScript_Error: Not_found"`;

exports[`forceExn + stack 1`] = `"ReScript_Error: Not_found"`;
