// Jest Snapshot v1, https://goo.gl/fbAQLP

exports[`Describe: SELECT 1 -- comment 1`] = `
Object {
  "TAG": 0,
  "_0": Object {
    "parameters": Array [],
    "row": Array [
      Object {
        "dataType": Object {
          "byVal": true,
          "category": "N",
          "isDefined": true,
          "isPreferred": false,
          "len": 4,
          "name": "int4",
          "namespace": "pg_catalog",
          "oid": 23,
          "typeSpecificData": 0,
          "typeType": "b",
        },
        "name": "?column?",
        "tableColumn": undefined,
      },
    ],
  },
}
`;

exports[`Describe: SELECT 1 1`] = `
Object {
  "TAG": 0,
  "_0": Object {
    "parameters": Array [],
    "row": Array [
      Object {
        "dataType": Object {
          "byVal": true,
          "category": "N",
          "isDefined": true,
          "isPreferred": false,
          "len": 4,
          "name": "int4",
          "namespace": "pg_catalog",
          "oid": 23,
          "typeSpecificData": 0,
          "typeType": "b",
        },
        "name": "?column?",
        "tableColumn": undefined,
      },
    ],
  },
}
`;

exports[`Describe: SELECT 1; 1`] = `
Object {
  "TAG": 0,
  "_0": Object {
    "parameters": Array [],
    "row": Array [
      Object {
        "dataType": Object {
          "byVal": true,
          "category": "N",
          "isDefined": true,
          "isPreferred": false,
          "len": 4,
          "name": "int4",
          "namespace": "pg_catalog",
          "oid": 23,
          "typeSpecificData": 0,
          "typeType": "b",
        },
        "name": "?column?",
        "tableColumn": undefined,
      },
    ],
  },
}
`;

exports[`Describe: SELECT oid FROM pg_type 1`] = `
Object {
  "TAG": 0,
  "_0": Object {
    "parameters": Array [],
    "row": Array [
      Object {
        "dataType": Object {
          "byVal": true,
          "category": "N",
          "isDefined": true,
          "isPreferred": true,
          "len": 4,
          "name": "oid",
          "namespace": "pg_catalog",
          "oid": 26,
          "typeSpecificData": 0,
          "typeType": "b",
        },
        "name": "oid",
        "tableColumn": Object {
          "attcollation": 0,
          "attfdwoptions": undefined,
          "attname": "oid",
          "attndims": 0,
          "attnotnull": true,
          "attnum": 1,
          "attoptions": undefined,
          "attrelid": 1247,
          "atttypid": 26,
          "atttypmod": -1,
          "relname": "pg_type",
        },
      },
    ],
  },
}
`;

exports[`Describe: SELECT oid FROM pg_type WHERE pg_type = $1 1`] = `
Object {
  "TAG": 0,
  "_0": Object {
    "parameters": Array [
      Object {
        "byVal": false,
        "category": "P",
        "isDefined": true,
        "isPreferred": false,
        "len": -1,
        "name": "record",
        "namespace": "pg_catalog",
        "oid": 2249,
        "typeSpecificData": 1,
        "typeType": "p",
      },
    ],
    "row": Array [
      Object {
        "dataType": Object {
          "byVal": true,
          "category": "N",
          "isDefined": true,
          "isPreferred": true,
          "len": 4,
          "name": "oid",
          "namespace": "pg_catalog",
          "oid": 26,
          "typeSpecificData": 0,
          "typeType": "b",
        },
        "name": "oid",
        "tableColumn": Object {
          "attcollation": 0,
          "attfdwoptions": undefined,
          "attname": "oid",
          "attndims": 0,
          "attnotnull": true,
          "attnum": 1,
          "attoptions": undefined,
          "attrelid": 1247,
          "atttypid": 26,
          "atttypmod": -1,
          "relname": "pg_type",
        },
      },
    ],
  },
}
`;

exports[`complicated types 1`] = `
Array [
  Object {
    "byVal": false,
    "category": "A",
    "isDefined": true,
    "isPreferred": false,
    "len": -1,
    "name": "_aclitem",
    "namespace": "pg_catalog",
    "oid": 1034,
    "typeSpecificData": Object {
      "TAG": 0,
      "delim": ",",
      "elemType": Object {
        "byVal": false,
        "category": "U",
        "isDefined": true,
        "isPreferred": false,
        "len": 12,
        "name": "aclitem",
        "namespace": "pg_catalog",
        "oid": 1033,
        "typeSpecificData": 0,
        "typeType": "b",
      },
    },
    "typeType": "b",
  },
]
`;
