// Jest Snapshot v1, https://goo.gl/fbAQLP

exports[`-- inline
SELECT /* block */1 1`] = `
SQL = [
  "\\nSELECT 1"
]
PARAMS = {
  
}
`;

exports[`INSERT INTO test (foo, bar) VALUES :values:batch<(:foo, :bar)> 1`] = `
SQL = [
  "INSERT INTO test (foo, bar) VALUES ($1, $2),($3, $4)"
]
PARAMS = {
  values: Batch("," {
    foo: $1
    bar: $2
  })
}
`;

exports[`INSERT INTO test (foo, bar) VALUES :values:batch<<(:foo /* <comment> */)>> 1`] = `
SQL = [
  "INSERT INTO test (foo, bar) VALUES ($1 ),($2 )"
]
PARAMS = {
  values: Batch("," {
    foo: $1
  })
}
`;

exports[`INSERT INTO test (foo, bar) VALUES :values:batch<<(:foo:batch<:bar>)>> 1`] = `
SQL = [
  "INSERT INTO test (foo, bar) VALUES ($1,$2),($3,$4)"
]
PARAMS = {
  values: Batch("," {
    foo: Batch("," {
      bar: $1
    })
  })
}
`;

exports[`INSERT INTO test (foo, bar) VALUES :values:batch<<(:foo:raw<foo|bar>)>> 1`] = `
SQL = [
  "INSERT INTO test (foo, bar) VALUES (foo),(foo)"
  "INSERT INTO test (foo, bar) VALUES (foo),(bar)"
  "INSERT INTO test (foo, bar) VALUES (bar),(foo)"
  "INSERT INTO test (foo, bar) VALUES (bar),(bar)"
]
PARAMS = {
  values: Batch("," {
    foo: Raw(
      "foo"
      "bar"
    )
  })
}
`;

exports[`SELECT :foo = :bar 1`] = `
SQL = [
  "SELECT $1 = $2"
]
PARAMS = {
  foo: $1
  bar: $2
}
`;

exports[`SELECT :num:raw<<<'<|>'|||'2'>>> 1`] = `
SQL = [
  "SELECT '<|>'"
  "SELECT '2'"
]
PARAMS = {
  num: Raw(
    "'<|>'"
    "'2'"
  )
}
`;

exports[`SELECT :num:raw<1,|> 2 1`] = `
SQL = [
  "SELECT 1, 2"
  "SELECT  2"
]
PARAMS = {
  num: Raw(
    "1,"
    ""
  )
}
`;

exports[`SELECT :num:raw<1|2> 1`] = `
SQL = [
  "SELECT 1"
  "SELECT 2"
]
PARAMS = {
  num: Raw(
    "1"
    "2"
  )
}
`;

exports[`SELECT 1 1`] = `
SQL = [
  "SELECT 1"
]
PARAMS = {
  
}
`;
